<html>
<body>
<pre>
<h1>µVision Build Log</h1>
<h2>Tool Versions:</h2>
IDE-Version: µVision V5.24.2.0
Copyright (C) 2017 ARM Ltd and ARM Germany GmbH. All rights reserved.
License Information: Mustafa Fahmy, arrow, LIC=----
 
Tool Versions:
Toolchain:       MDK-Lite  Version: 5.24.1
Toolchain Path:  F:\Keil_v5\ARM\ARMCC\Bin
C Compiler:      Armcc.exe V5.06 update 5 (build 528)
Assembler:       Armasm.exe V5.06 update 5 (build 528)
Linker/Locator:  ArmLink.exe V5.06 update 5 (build 528)
Library Manager: ArmAr.exe V5.06 update 5 (build 528)
Hex Converter:   FromElf.exe V5.06 update 5 (build 528)
CPU DLL:         SARMCM3.DLL V5.24.1
Dialog DLL:      DCM.DLL V1.16.0.0
Target DLL:      lmidk-agdi.dll V???
Dialog DLL:      TCM.DLL V1.32.0.0
 
<h2>Project:</h2>
C:\Users\star_\Desktop\2nd\microcontroller\p1\p1.uvprojx
Project File Date:  03/14/2018

<h2>Output:</h2>
*** Using Compiler 'V5.06 update 5 (build 528)', folder: 'F:\Keil_v5\ARM\ARMCC\Bin'
Build target 'Target 1'
compiling Init.c...
MACROS.h(9): warning:  #1-D: last line of file ends without a newline
  #endif
Data_Types.h(12): warning:  #1-D: last line of file ends without a newline
  #endif
Init.h(19): warning:  #1295-D: Deprecated declaration PortA_init - give arg types
  void PortA_init();
Init.h(20): warning:  #1295-D: Deprecated declaration PortB_init - give arg types
  void PortB_init();
Init.h(21): warning:  #1295-D: Deprecated declaration PortF_init - give arg types
  void PortF_init();
Init.h(30): warning:  #1-D: last line of file ends without a newline
  #endif
Init.c(5): warning:  #550-D: variable "delay"  was set but never used
  	uint32_t delay; // dummy reg
Init.c(19): warning:  #550-D: variable "delay"  was set but never used
  	uint32_t delay; // dummy reg
Init.c(31): warning:  #550-D: variable "delay"  was set but never used
  	uint32_t delay; // dummy reg
Init.c: 9 warnings, 0 errors
compiling main.c...
MACROS.h(9): warning:  #1-D: last line of file ends without a newline
  #endif
Data_Types.h(12): warning:  #1-D: last line of file ends without a newline
  #endif
Init.h(19): warning:  #1295-D: Deprecated declaration PortA_init - give arg types
  void PortA_init();
Init.h(20): warning:  #1295-D: Deprecated declaration PortB_init - give arg types
  void PortB_init();
Init.h(21): warning:  #1295-D: Deprecated declaration PortF_init - give arg types
  void PortF_init();
Init.h(30): warning:  #1-D: last line of file ends without a newline
  #endif
main.c(16): warning:  #177-D: variable "time"  was declared but never referenced
  	float time=0;
main.c: 7 warnings, 0 errors
linking...
Program Size: Code=2692 RO-data=636 RW-data=0 ZI-data=608  
".\Objects\p1.axf" - 0 Error(s), 16 Warning(s).

<h2>Software Packages used:</h2>

Package Vendor: Keil
                http://www.keil.com/pack/Keil.TM4C_DFP.1.1.0.pack
                Keil.TM4C_DFP.1.1.0
                Texas Instruments Tiva C Series Device Support and Examples

<h2>Collection of Component include folders:</h2>
  .\RTE\_Target_1
  F:\Keil_v5\ARM\PACK\Keil\TM4C_DFP\1.1.0\Device\Include\TM4C123

<h2>Collection of Component Files used:</h2>
Build Time Elapsed:  00:00:02
</pre>
</body>
</html>
