******************************************************************************
                  TI ARM Linker Unix v18.1.4                   
******************************************************************************
>> Linked Sat Jan 26 18:08:41 2019

OUTPUT FILE NAME:   <pwm.out>
ENTRY POINT SYMBOL: "_c_int00_noargs"  address: 00002a5d


MEMORY CONFIGURATION

         name            origin    length      used     unused   attr    fill
----------------------  --------  ---------  --------  --------  ----  --------
  FLASH                 00000000   00040000  0000305c  0003cfa4  R  X
  SRAM                  20000000   00008000  0000046c  00007b94  RW X


SEGMENT ALLOCATION MAP

run origin  load origin   length   init length attrs members
----------  ----------- ---------- ----------- ----- -------
00000000    00000000    0000305c   0000305c    r-x
  00000000    00000000    0000026c   0000026c    r-- .intvecs
  0000026c    0000026c    00002854   00002854    r-x .text
  00002ac0    00002ac0    00000588   00000588    r-- .const
  00003048    00003048    00000014   00000014    r-- .cinit
20000000    20000000    00000470   00000000    rw-
  20000000    20000000    0000026c   00000000    rw- .vtable
  20000270    20000270    00000200   00000000    rw- .stack


SECTION ALLOCATION MAP

 output                                  attributes/
section   page    origin      length       input sections
--------  ----  ----------  ----------   ----------------
.intvecs   0    00000000    0000026c     
                  00000000    0000026c     tm4c123gh6pm_startup_ccs.obj (.intvecs)

.text      0    0000026c    00002854     
                  0000026c    00000f80     sysctl.obj (.text)
                  000011ec    00000b94     gpio.obj (.text)
                  00001d80    00000718     pwm.obj (.text)
                  00002498    000003c0     interrupt.obj (.text)
                  00002858    00000180     main.obj (.text)
                  000029d8    00000044     rtsv7M4_T_le_v4SPD16_eabi.lib : autoinit.c.obj (.text:__TI_auto_init_nobinit_nopinit:__TI_auto_init_nobinit_nopinit)
                  00002a1c    0000003e     cpu.obj (.text)
                  00002a5a    00000002     --HOLE-- [fill = 0]
                  00002a5c    00000038     rtsv7M4_T_le_v4SPD16_eabi.lib : boot_cortex_m.c.obj (.text:_c_int00_noargs:_c_int00_noargs)
                  00002a94    00000012                                   : copy_zero_init.c.obj (.text:decompress:ZI:__TI_zero_init_nomemset:__TI_zero_init_nomemset)
                  00002aa6    0000000c     tm4c123gh6pm_startup_ccs.obj (.text)
                  00002ab2    00000006     sysctl.obj (.text:SysCtlDelay)
                  00002ab8    00000004     rtsv7M4_T_le_v4SPD16_eabi.lib : pre_init.c.obj (.text:_system_pre_init)
                  00002abc    00000004                                   : exit.c.obj (.text:abort:abort)

.const     0    00002ac0    00000588     
                  00002ac0    000001b0     sysctl.obj (.const:g_pppui32XTALtoVCO)
                  00002c70    000000d8     gpio.obj (.const:g_ppui32GPIOIntMapSnowflake)
                  00002d48    000000c0     gpio.obj (.const:g_ppui32GPIOIntMapBlizzard)
                  00002e08    0000009c     interrupt.obj (.const:g_pui32Regs)
                  00002ea4    00000090     gpio.obj (.const:g_pui32GPIOBaseAddrs)
                  00002f34    0000006c     sysctl.obj (.const:g_pui32Xtals)
                  00002fa0    00000030     sysctl.obj (.const:g_sXTALtoMEMTIM)
                  00002fd0    00000020     interrupt.obj (.const:g_pui32Priority)
                  00002ff0    00000014     interrupt.obj (.const:g_pui32Dii16Regs)
                  00003004    00000014     interrupt.obj (.const:g_pui32EnRegs)
                  00003018    00000014     interrupt.obj (.const:g_pui32PendRegs)
                  0000302c    00000014     interrupt.obj (.const:g_pui32UnpendRegs)
                  00003040    00000008     sysctl.obj (.const:g_pui32VCOFrequencies)

.cinit     0    00003048    00000014     
                  00003048    00000008     (.cinit..vtable.load) [load image, compression = zero_init]
                  00003050    00000004     (__TI_handler_table)
                  00003054    00000008     (__TI_cinit_table)

.init_array 
*          0    00000000    00000000     UNINITIALIZED

.vtable    0    20000000    0000026c     UNINITIALIZED
                  20000000    0000026c     interrupt.obj (.vtable)

.stack     0    20000270    00000200     UNINITIALIZED
                  20000270    00000004     rtsv7M4_T_le_v4SPD16_eabi.lib : boot_cortex_m.c.obj (.stack)
                  20000274    000001fc     --HOLE--

MODULE SUMMARY

       Module                         code    ro data   rw data
       ------                         ----    -------   -------
    ./
       tm4c123gh6pm_startup_ccs.obj   12      620       0      
       main.obj                       384     0         0      
    +--+------------------------------+-------+---------+---------+
       Total:                         396     620       0      
                                                               
    ./driverlib/
       sysctl.obj                     3974    596       0      
       gpio.obj                       2964    552       0      
       interrupt.obj                  960     268       620    
       pwm.obj                        1816    0         0      
       cpu.obj                        62      0         0      
    +--+------------------------------+-------+---------+---------+
       Total:                         9776    1416      620    
                                                               
    /opt/ti/ccsv8/tools/compiler/ti-cgt-arm_18.1.4.LTS/lib/rtsv7M4_T_le_v4SPD16_eabi.lib
       autoinit.c.obj                 68      0         0      
       boot_cortex_m.c.obj            56      0         0      
       copy_zero_init.c.obj           18      0         0      
       exit.c.obj                     4       0         0      
       pre_init.c.obj                 4       0         0      
    +--+------------------------------+-------+---------+---------+
       Total:                         150     0         0      
                                                               
       Stack:                         0       0         512    
       Linker Generated:              0       20        0      
    +--+------------------------------+-------+---------+---------+
       Grand Total:                   10322   2056      1132   


LINKER GENERATED COPY TABLES

__TI_cinit_table @ 00003054 records: 1, size/record: 8, table size: 8
	.vtable: load addr=00003048, load size=00000008 bytes, run addr=20000000, run size=0000026c bytes, compression=zero_init


LINKER GENERATED HANDLER TABLE

__TI_handler_table @ 00003050 records: 1, size/record: 4, table size: 4
	index: 0, handler: __TI_zero_init


GLOBAL SYMBOLS: SORTED ALPHABETICALLY BY Name 

address   name                            
-------   ----                            
00002abd  C$$EXIT                         
00002a51  CPUbasepriGet                   
00002a43  CPUbasepriSet                   
00002a1d  CPUcpsid                        
00002a33  CPUcpsie                        
00002a29  CPUprimask                      
00002a3f  CPUwfi                          
00001d59  GPIOADCTriggerDisable           
00001d3b  GPIOADCTriggerEnable            
00001d1d  GPIODMATriggerDisable           
00001cff  GPIODMATriggerEnable            
000012a7  GPIODirModeGet                  
0000124b  GPIODirModeSet                  
0000180f  GPIOIntClear                    
000017d3  GPIOIntDisable                  
000017b9  GPIOIntEnable                   
00001823  GPIOIntRegister                 
0000185b  GPIOIntRegisterPin              
000017ed  GPIOIntStatus                   
00001397  GPIOIntTypeGet                  
000012f3  GPIOIntTypeSet                  
00001841  GPIOIntUnregister               
00001889  GPIOIntUnregisterPin            
00001667  GPIOPadConfigGet                
0000142d  GPIOPadConfigSet                
00001ca1  GPIOPinConfigure                
000018ad  GPIOPinRead                     
000018e5  GPIOPinTypeADC                  
00001909  GPIOPinTypeCAN                  
0000192d  GPIOPinTypeComparator           
00001951  GPIOPinTypeComparatorOutput     
00001975  GPIOPinTypeDIVSCLK              
00001999  GPIOPinTypeEPI                  
000019bd  GPIOPinTypeEthernetLED          
000019e1  GPIOPinTypeEthernetMII          
00001a05  GPIOPinTypeGPIOInput            
00001a29  GPIOPinTypeGPIOOutput           
00001a4d  GPIOPinTypeGPIOOutputOD         
00001a71  GPIOPinTypeHibernateRTCCLK      
00001a95  GPIOPinTypeI2C                  
00001ab9  GPIOPinTypeI2CSCL               
00001add  GPIOPinTypeLCD                  
00001b01  GPIOPinTypeOneWire              
00001b25  GPIOPinTypePWM                  
00001b49  GPIOPinTypeQEI                  
00001b6d  GPIOPinTypeSSI                  
00001b91  GPIOPinTypeTimer                
00001bb5  GPIOPinTypeTrace                
00001bd9  GPIOPinTypeUART                 
00001bfd  GPIOPinTypeUSBAnalog            
00001c21  GPIOPinTypeUSBDigital           
00001c45  GPIOPinTypeWakeHigh             
00001c6b  GPIOPinTypeWakeLow              
00001c91  GPIOPinWakeStatus               
000018c5  GPIOPinWrite                    
00002659  IntDisable                      
000025e7  IntEnable                       
000026cb  IntIsEnabled                    
000024ab  IntMasterDisable                
0000249b  IntMasterEnable                 
000027c1  IntPendClear                    
00002751  IntPendSet                      
000025c3  IntPriorityGet                  
0000253b  IntPriorityGroupingGet          
00002521  IntPriorityGroupingSet          
0000281b  IntPriorityMaskGet              
0000280f  IntPriorityMaskSet              
00002573  IntPrioritySet                  
000024bb  IntRegister                     
00002823  IntTrigger                      
0000250d  IntUnregister                   
000023fb  PWMClockGet                     
000023db  PWMClockSet                     
00001f25  PWMDeadBandDisable              
00001eed  PWMDeadBandEnable               
000022a1  PWMFaultIntClear                
000022d3  PWMFaultIntClearExt             
000021bb  PWMFaultIntRegister             
000021d9  PWMFaultIntUnregister           
00001d81  PWMGenConfigure                 
00001e3f  PWMGenDisable                   
00001e25  PWMGenEnable                    
000023a5  PWMGenFaultClear                
000022f1  PWMGenFaultConfigure            
0000236f  PWMGenFaultStatus               
0000234b  PWMGenFaultTriggerGet           
00002321  PWMGenFaultTriggerSet           
00002259  PWMGenIntClear                  
0000212d  PWMGenIntRegister               
0000222f  PWMGenIntStatus                 
00002211  PWMGenIntTrigDisable            
000021f3  PWMGenIntTrigEnable             
00002155  PWMGenIntUnregister             
00001dfb  PWMGenPeriodGet                 
00001dcb  PWMGenPeriodSet                 
00002289  PWMIntDisable                   
00002271  PWMIntEnable                    
000022b3  PWMIntStatus                    
00001ffb  PWMOutputFault                  
00001fc9  PWMOutputFaultLevel             
00001f97  PWMOutputInvert                 
00001f65  PWMOutputState                  
00002425  PWMOutputUpdateMode             
00001ea3  PWMPulseWidthGet                
00001e59  PWMPulseWidthSet                
00001f53  PWMSyncTimeBase                 
00001f41  PWMSyncUpdate                   
00002aa7  ResetISR                        
000011a9  SysCtlAltClkConfig              
000008d1  SysCtlClockFreqSet              
00000d99  SysCtlClockGet                  
0000118d  SysCtlClockOutConfig            
00000bc9  SysCtlClockSet                  
000007d5  SysCtlDeepSleep                 
00000f5d  SysCtlDeepSleepClockConfigSet   
00000f3f  SysCtlDeepSleepClockSet         
000007b5  SysCtlDeepSleepPowerSet         
00002ab3  SysCtlDelay                     
00000363  SysCtlFlashSectorSizeGet        
00000337  SysCtlFlashSizeGet              
00001033  SysCtlGPIOAHBDisable            
00001017  SysCtlGPIOAHBEnable             
00000749  SysCtlIntClear                  
00000731  SysCtlIntDisable                
0000071d  SysCtlIntEnable                 
000006f5  SysCtlIntRegister               
00000759  SysCtlIntStatus                 
0000070d  SysCtlIntUnregister             
0000079b  SysCtlLDODeepSleepGet           
0000078b  SysCtlLDODeepSleepSet           
00000785  SysCtlLDOSleepGet               
00000775  SysCtlLDOSleepSet               
0000080b  SysCtlMOSCConfigSet             
00001171  SysCtlNMIClear                  
0000115d  SysCtlNMIStatus                 
00000821  SysCtlPIOSCCalibrate            
00001001  SysCtlPWMClockGet               
00000fe7  SysCtlPWMClockSet               
000006a1  SysCtlPeripheralClockGating     
00000659  SysCtlPeripheralDeepSleepDisable
00000609  SysCtlPeripheralDeepSleepEnable 
00000545  SysCtlPeripheralDisable         
00000509  SysCtlPeripheralEnable          
00000445  SysCtlPeripheralPowerOff        
00000409  SysCtlPeripheralPowerOn         
00000389  SysCtlPeripheralPresent         
000003c9  SysCtlPeripheralReady           
00000481  SysCtlPeripheralReset           
000005cd  SysCtlPeripheralSleepDisable    
00000589  SysCtlPeripheralSleepEnable     
000007c5  SysCtlReset                     
00000881  SysCtlResetBehaviorGet          
00000871  SysCtlResetBehaviorSet          
000007f7  SysCtlResetCauseClear           
000007f1  SysCtlResetCauseGet             
0000032d  SysCtlSRAMSizeGet               
000007cd  SysCtlSleep                     
000007a1  SysCtlSleepPowerSet             
0000105b  SysCtlUSBPLLDisable             
0000104f  SysCtlUSBPLLEnable              
000010a1  SysCtlVCOGet                    
00001089  SysCtlVoltageEventClear         
0000106d  SysCtlVoltageEventConfig        
0000107d  SysCtlVoltageEventStatus        
20000470  __STACK_END                     
00000200  __STACK_SIZE                    
20000470  __STACK_TOP                     
00003054  __TI_CINIT_Base                 
0000305c  __TI_CINIT_Limit                
00003050  __TI_Handler_Table_Base         
00003054  __TI_Handler_Table_Limit        
000029d9  __TI_auto_init_nobinit_nopinit  
ffffffff  __TI_pprof_out_hndl             
ffffffff  __TI_prof_data_size             
ffffffff  __TI_prof_data_start            
00000000  __TI_static_base__              
00002a95  __TI_zero_init_nomemset         
ffffffff  __binit__                       
ffffffff  __c_args__                      
UNDEFED   __mpu_init                      
20000270  __stack                         
00002a5d  _c_int00_noargs                 
UNDEFED   _system_post_cinit              
00002ab9  _system_pre_init                
00002abd  abort                           
ffffffff  binit                           
20000000  g_pfnRAMVectors                 
00000000  g_pfnVectors                    
00002859  main                            


GLOBAL SYMBOLS: SORTED BY Symbol Address 

address   name                            
-------   ----                            
00000000  __TI_static_base__              
00000000  g_pfnVectors                    
00000200  __STACK_SIZE                    
0000032d  SysCtlSRAMSizeGet               
00000337  SysCtlFlashSizeGet              
00000363  SysCtlFlashSectorSizeGet        
00000389  SysCtlPeripheralPresent         
000003c9  SysCtlPeripheralReady           
00000409  SysCtlPeripheralPowerOn         
00000445  SysCtlPeripheralPowerOff        
00000481  SysCtlPeripheralReset           
00000509  SysCtlPeripheralEnable          
00000545  SysCtlPeripheralDisable         
00000589  SysCtlPeripheralSleepEnable     
000005cd  SysCtlPeripheralSleepDisable    
00000609  SysCtlPeripheralDeepSleepEnable 
00000659  SysCtlPeripheralDeepSleepDisable
000006a1  SysCtlPeripheralClockGating     
000006f5  SysCtlIntRegister               
0000070d  SysCtlIntUnregister             
0000071d  SysCtlIntEnable                 
00000731  SysCtlIntDisable                
00000749  SysCtlIntClear                  
00000759  SysCtlIntStatus                 
00000775  SysCtlLDOSleepSet               
00000785  SysCtlLDOSleepGet               
0000078b  SysCtlLDODeepSleepSet           
0000079b  SysCtlLDODeepSleepGet           
000007a1  SysCtlSleepPowerSet             
000007b5  SysCtlDeepSleepPowerSet         
000007c5  SysCtlReset                     
000007cd  SysCtlSleep                     
000007d5  SysCtlDeepSleep                 
000007f1  SysCtlResetCauseGet             
000007f7  SysCtlResetCauseClear           
0000080b  SysCtlMOSCConfigSet             
00000821  SysCtlPIOSCCalibrate            
00000871  SysCtlResetBehaviorSet          
00000881  SysCtlResetBehaviorGet          
000008d1  SysCtlClockFreqSet              
00000bc9  SysCtlClockSet                  
00000d99  SysCtlClockGet                  
00000f3f  SysCtlDeepSleepClockSet         
00000f5d  SysCtlDeepSleepClockConfigSet   
00000fe7  SysCtlPWMClockSet               
00001001  SysCtlPWMClockGet               
00001017  SysCtlGPIOAHBEnable             
00001033  SysCtlGPIOAHBDisable            
0000104f  SysCtlUSBPLLEnable              
0000105b  SysCtlUSBPLLDisable             
0000106d  SysCtlVoltageEventConfig        
0000107d  SysCtlVoltageEventStatus        
00001089  SysCtlVoltageEventClear         
000010a1  SysCtlVCOGet                    
0000115d  SysCtlNMIStatus                 
00001171  SysCtlNMIClear                  
0000118d  SysCtlClockOutConfig            
000011a9  SysCtlAltClkConfig              
0000124b  GPIODirModeSet                  
000012a7  GPIODirModeGet                  
000012f3  GPIOIntTypeSet                  
00001397  GPIOIntTypeGet                  
0000142d  GPIOPadConfigSet                
00001667  GPIOPadConfigGet                
000017b9  GPIOIntEnable                   
000017d3  GPIOIntDisable                  
000017ed  GPIOIntStatus                   
0000180f  GPIOIntClear                    
00001823  GPIOIntRegister                 
00001841  GPIOIntUnregister               
0000185b  GPIOIntRegisterPin              
00001889  GPIOIntUnregisterPin            
000018ad  GPIOPinRead                     
000018c5  GPIOPinWrite                    
000018e5  GPIOPinTypeADC                  
00001909  GPIOPinTypeCAN                  
0000192d  GPIOPinTypeComparator           
00001951  GPIOPinTypeComparatorOutput     
00001975  GPIOPinTypeDIVSCLK              
00001999  GPIOPinTypeEPI                  
000019bd  GPIOPinTypeEthernetLED          
000019e1  GPIOPinTypeEthernetMII          
00001a05  GPIOPinTypeGPIOInput            
00001a29  GPIOPinTypeGPIOOutput           
00001a4d  GPIOPinTypeGPIOOutputOD         
00001a71  GPIOPinTypeHibernateRTCCLK      
00001a95  GPIOPinTypeI2C                  
00001ab9  GPIOPinTypeI2CSCL               
00001add  GPIOPinTypeLCD                  
00001b01  GPIOPinTypeOneWire              
00001b25  GPIOPinTypePWM                  
00001b49  GPIOPinTypeQEI                  
00001b6d  GPIOPinTypeSSI                  
00001b91  GPIOPinTypeTimer                
00001bb5  GPIOPinTypeTrace                
00001bd9  GPIOPinTypeUART                 
00001bfd  GPIOPinTypeUSBAnalog            
00001c21  GPIOPinTypeUSBDigital           
00001c45  GPIOPinTypeWakeHigh             
00001c6b  GPIOPinTypeWakeLow              
00001c91  GPIOPinWakeStatus               
00001ca1  GPIOPinConfigure                
00001cff  GPIODMATriggerEnable            
00001d1d  GPIODMATriggerDisable           
00001d3b  GPIOADCTriggerEnable            
00001d59  GPIOADCTriggerDisable           
00001d81  PWMGenConfigure                 
00001dcb  PWMGenPeriodSet                 
00001dfb  PWMGenPeriodGet                 
00001e25  PWMGenEnable                    
00001e3f  PWMGenDisable                   
00001e59  PWMPulseWidthSet                
00001ea3  PWMPulseWidthGet                
00001eed  PWMDeadBandEnable               
00001f25  PWMDeadBandDisable              
00001f41  PWMSyncUpdate                   
00001f53  PWMSyncTimeBase                 
00001f65  PWMOutputState                  
00001f97  PWMOutputInvert                 
00001fc9  PWMOutputFaultLevel             
00001ffb  PWMOutputFault                  
0000212d  PWMGenIntRegister               
00002155  PWMGenIntUnregister             
000021bb  PWMFaultIntRegister             
000021d9  PWMFaultIntUnregister           
000021f3  PWMGenIntTrigEnable             
00002211  PWMGenIntTrigDisable            
0000222f  PWMGenIntStatus                 
00002259  PWMGenIntClear                  
00002271  PWMIntEnable                    
00002289  PWMIntDisable                   
000022a1  PWMFaultIntClear                
000022b3  PWMIntStatus                    
000022d3  PWMFaultIntClearExt             
000022f1  PWMGenFaultConfigure            
00002321  PWMGenFaultTriggerSet           
0000234b  PWMGenFaultTriggerGet           
0000236f  PWMGenFaultStatus               
000023a5  PWMGenFaultClear                
000023db  PWMClockSet                     
000023fb  PWMClockGet                     
00002425  PWMOutputUpdateMode             
0000249b  IntMasterEnable                 
000024ab  IntMasterDisable                
000024bb  IntRegister                     
0000250d  IntUnregister                   
00002521  IntPriorityGroupingSet          
0000253b  IntPriorityGroupingGet          
00002573  IntPrioritySet                  
000025c3  IntPriorityGet                  
000025e7  IntEnable                       
00002659  IntDisable                      
000026cb  IntIsEnabled                    
00002751  IntPendSet                      
000027c1  IntPendClear                    
0000280f  IntPriorityMaskSet              
0000281b  IntPriorityMaskGet              
00002823  IntTrigger                      
00002859  main                            
000029d9  __TI_auto_init_nobinit_nopinit  
00002a1d  CPUcpsid                        
00002a29  CPUprimask                      
00002a33  CPUcpsie                        
00002a3f  CPUwfi                          
00002a43  CPUbasepriSet                   
00002a51  CPUbasepriGet                   
00002a5d  _c_int00_noargs                 
00002a95  __TI_zero_init_nomemset         
00002aa7  ResetISR                        
00002ab3  SysCtlDelay                     
00002ab9  _system_pre_init                
00002abd  C$$EXIT                         
00002abd  abort                           
00003050  __TI_Handler_Table_Base         
00003054  __TI_CINIT_Base                 
00003054  __TI_Handler_Table_Limit        
0000305c  __TI_CINIT_Limit                
20000000  g_pfnRAMVectors                 
20000270  __stack                         
20000470  __STACK_END                     
20000470  __STACK_TOP                     
ffffffff  __TI_pprof_out_hndl             
ffffffff  __TI_prof_data_size             
ffffffff  __TI_prof_data_start            
ffffffff  __binit__                       
ffffffff  __c_args__                      
ffffffff  binit                           
UNDEFED   __mpu_init                      
UNDEFED   _system_post_cinit              

[189 symbols]
